BL51 BANKED LINKER/LOCATER V6.22.2.0                                                    03/08/2025  21:24:49  PAGE 1


BL51 BANKED LINKER/LOCATER V6.22.2.0, INVOKED BY:
D:\KEIL5-1\C51\BIN\BL51.EXE .\Objects\mian.obj, .\Objects\iic.obj, .\Objects\onewire.obj, .\Objects\ds1302.obj TO .\Obje
>> cts\test PRINT (.\Listings\test.m51) RAMSIZE (256)


MEMORY MODEL: SMALL WITH FLOATING POINT ARITHMETIC


INPUT MODULES INCLUDED:
  .\Objects\mian.obj (MIAN)
  .\Objects\iic.obj (IIC)
  .\Objects\onewire.obj (ONEWIRE)
  .\Objects\ds1302.obj (DS1302)
  D:\KEIL5-1\C51\LIB\C51FPS.LIB (?C?FPMUL)
  D:\KEIL5-1\C51\LIB\C51FPS.LIB (?C?FCAST)
  D:\KEIL5-1\C51\LIB\C51FPS.LIB (?C?CASTF)
  D:\KEIL5-1\C51\LIB\C51FPS.LIB (?C?FPGETOPN)
  D:\KEIL5-1\C51\LIB\C51S.LIB (?C_STARTUP)
  D:\KEIL5-1\C51\LIB\C51S.LIB (?C?UIDIV)
  D:\KEIL5-1\C51\LIB\C51S.LIB (?C?LMUL)
  D:\KEIL5-1\C51\LIB\C51S.LIB (?C?LNEG)
  D:\KEIL5-1\C51\LIB\C51S.LIB (?C?ULCMP)
  D:\KEIL5-1\C51\LIB\C51S.LIB (?C?LSHL)
  D:\KEIL5-1\C51\LIB\C51S.LIB (?C?CCASE)
  D:\KEIL5-1\C51\LIB\C51S.LIB (?C_INIT)


LINK MAP OF MODULE:  .\Objects\test (MIAN)


            TYPE    BASE      LENGTH    RELOCATION   SEGMENT NAME
            -----------------------------------------------------

            * * * * * * *   D A T A   M E M O R Y   * * * * * * *
            REG     0000H     0008H     ABSOLUTE     "REG BANK 0"
            DATA    0008H     000CH     UNIT         ?DT?DS1302
            DATA    0014H     0006H     UNIT         _DATA_GROUP_
                    001AH     0006H                  *** GAP ***
            BIT     0020H.0   0000H.6   UNIT         ?BI?MIAN
            BIT     0020H.6   0000H.1   UNIT         _BIT_GROUP_
                    0020H.7   0000H.1                *** GAP ***
            DATA    0021H     0034H     UNIT         ?DT?MIAN
            IDATA   0055H     0001H     UNIT         ?STACK

            * * * * * * *   C O D E   M E M O R Y   * * * * * * *
            CODE    0000H     0003H     ABSOLUTE     
                    0003H     0008H                  *** GAP ***
            CODE    000BH     0003H     ABSOLUTE     
            CODE    000EH     02C1H     UNIT         ?C?LIB_CODE
            CODE    02CFH     0148H     UNIT         ?PR?TAST_SHOW?MIAN
            CODE    0417H     010CH     UNIT         ?PR?ARRKEY_SCAN?MIAN
            CODE    0523H     0109H     UNIT         ?PR?MAIN?MIAN
            CODE    062CH     00B6H     UNIT         ?PR?TAST_SEG?MIAN
            CODE    06E2H     008DH     UNIT         ?PR?TIME0?MIAN
            CODE    076FH     008CH     UNIT         ?C_C51STARTUP
            CODE    07FBH     0071H     UNIT         ?C_INITSEG
            CODE    086CH     0064H     UNIT         ?PR?TEMP_GET?ONEWIRE
            CODE    08D0H     0056H     UNIT         ?PR?KEY_SCAN?MIAN
BL51 BANKED LINKER/LOCATER V6.22.2.0                                                  03/08/2025  21:24:49  PAGE 2


            CODE    0926H     0055H     UNIT         ?PR?TIME_INIT?DS1302
            CODE    097BH     0044H     UNIT         ?PR?TAST_KEY?MIAN
            CODE    09BFH     003DH     UNIT         ?PR?_READ_DS1302_BYTE?DS1302
            CODE    09FCH     003CH     UNIT         ?PR?TIME_GET?DS1302
            CODE    0A38H     0035H     UNIT         ?PR?_I2CSENDBYTE?IIC
            CODE    0A6DH     002DH     UNIT         ?PR?ALL_INIT?MIAN
            CODE    0A9AH     002AH     UNIT         ?CO?MIAN
            CODE    0AC4H     0027H     UNIT         ?PR?_WRITE_DS18B20?ONEWIRE
            CODE    0AEBH     0027H     UNIT         ?PR?INIT_DS18B20?ONEWIRE
            CODE    0B12H     0026H     UNIT         ?PR?I2CRECEIVEBYTE?IIC
            CODE    0B38H     0023H     UNIT         ?PR?READ_DS18B20?ONEWIRE
            CODE    0B5BH     0022H     UNIT         ?PR?KEY_READ?MIAN
            CODE    0B7DH     0020H     UNIT         ?PR?_DELAY_MS?MIAN
            CODE    0B9DH     001EH     UNIT         ?PR?_DELAY_ONEWIRE?ONEWIRE
            CODE    0BBBH     001DH     UNIT         ?PR?I2CWAITACK?IIC
            CODE    0BD8H     001CH     UNIT         ?PR?I2CSTOP?IIC
            CODE    0BF4H     001CH     UNIT         ?PR?_WRITE_DS1302?DS1302
            CODE    0C10H     001AH     UNIT         ?PR?_KEY_WRITE?MIAN
            CODE    0C2AH     001AH     UNIT         ?PR?_I2C_DELAY?IIC
            CODE    0C44H     0018H     UNIT         ?PR?_I2CSENDACK?IIC
            CODE    0C5CH     0018H     UNIT         ?PR?_AT24C02_READ?IIC
            CODE    0C74H     0018H     UNIT         ?PR?_AD_READ?IIC
            CODE    0C8CH     0017H     UNIT         ?PR?_AT24C02_WRITE?IIC
            CODE    0CA3H     0015H     UNIT         ?PR?TIMER0_INIT?MIAN
            CODE    0CB8H     0015H     UNIT         ?PR?_AD_WRITE?IIC
            CODE    0CCDH     0014H     UNIT         ?PR?_WRITE_DS1302_BYTE?DS1302
            CODE    0CE1H     000FH     UNIT         ?PR?I2CSTART?IIC



OVERLAY MAP OF MODULE:   .\Objects\test (MIAN)


SEGMENT                                  BIT_GROUP          DATA_GROUP 
  +--> CALLED SEGMENT                 START    LENGTH     START    LENGTH
-------------------------------------------------------------------------
?PR?TIME0?MIAN                        -----    -----      -----    -----
  +--> ?CO?MIAN
  +--> ?PR?TAST_SEG?MIAN

?PR?TAST_SEG?MIAN                     -----    -----      -----    -----
  +--> ?PR?ARRKEY_SCAN?MIAN

?PR?ARRKEY_SCAN?MIAN                  -----    -----      0014H    0002H
  +--> ?PR?_KEY_WRITE?MIAN
  +--> ?PR?KEY_READ?MIAN

*** NEW ROOT ***************************************************

?C_C51STARTUP                         -----    -----      -----    -----
  +--> ?PR?MAIN?MIAN
  +--> ?C_INITSEG

?PR?MAIN?MIAN                         -----    -----      -----    -----
  +--> ?PR?ALL_INIT?MIAN
  +--> ?PR?TEMP_GET?ONEWIRE
  +--> ?PR?_DELAY_MS?MIAN
BL51 BANKED LINKER/LOCATER V6.22.2.0                                                  03/08/2025  21:24:49  PAGE 3


  +--> ?PR?TIMER0_INIT?MIAN
  +--> ?PR?TIME_INIT?DS1302
  +--> ?PR?_AT24C02_READ?IIC
  +--> ?PR?_AT24C02_WRITE?IIC
  +--> ?PR?TAST_SHOW?MIAN
  +--> ?PR?TAST_KEY?MIAN
  +--> ?PR?_AD_READ?IIC
  +--> ?PR?TIME_GET?DS1302

?PR?TEMP_GET?ONEWIRE                  -----    -----      0016H    0004H
  +--> ?PR?INIT_DS18B20?ONEWIRE
  +--> ?PR?_WRITE_DS18B20?ONEWIRE
  +--> ?PR?_DELAY_ONEWIRE?ONEWIRE
  +--> ?PR?READ_DS18B20?ONEWIRE

?PR?INIT_DS18B20?ONEWIRE              0020H.6  0000H.1    -----    -----
  +--> ?PR?_DELAY_ONEWIRE?ONEWIRE

?PR?_WRITE_DS18B20?ONEWIRE            -----    -----      -----    -----
  +--> ?PR?_DELAY_ONEWIRE?ONEWIRE

?PR?READ_DS18B20?ONEWIRE              -----    -----      -----    -----
  +--> ?PR?_DELAY_ONEWIRE?ONEWIRE

?PR?TIME_INIT?DS1302                  -----    -----      0016H    0001H
  +--> ?PR?_WRITE_DS1302_BYTE?DS1302

?PR?_WRITE_DS1302_BYTE?DS1302         -----    -----      -----    -----
  +--> ?PR?_WRITE_DS1302?DS1302

?PR?_AT24C02_READ?IIC                 -----    -----      -----    -----
  +--> ?PR?I2CSTART?IIC
  +--> ?PR?I2CWAITACK?IIC
  +--> ?PR?I2CSTOP?IIC

?PR?I2CSTART?IIC                      -----    -----      -----    -----
  +--> ?PR?_I2C_DELAY?IIC

?PR?I2CWAITACK?IIC                    -----    -----      -----    -----
  +--> ?PR?_I2CSENDBYTE?IIC
  +--> ?PR?_I2C_DELAY?IIC

?PR?_I2CSENDBYTE?IIC                  -----    -----      -----    -----
  +--> ?PR?_I2C_DELAY?IIC

?PR?I2CSTOP?IIC                       -----    -----      -----    -----
  +--> ?PR?_I2CSENDBYTE?IIC
  +--> ?PR?I2CWAITACK?IIC
  +--> ?PR?I2CRECEIVEBYTE?IIC
  +--> ?PR?_I2CSENDACK?IIC
  +--> ?PR?_I2C_DELAY?IIC

?PR?I2CRECEIVEBYTE?IIC                -----    -----      -----    -----
  +--> ?PR?_I2C_DELAY?IIC

?PR?_I2CSENDACK?IIC                   -----    -----      -----    -----
  +--> ?PR?_I2C_DELAY?IIC
BL51 BANKED LINKER/LOCATER V6.22.2.0                                                  03/08/2025  21:24:49  PAGE 4



?PR?_AT24C02_WRITE?IIC                -----    -----      -----    -----
  +--> ?PR?I2CSTART?IIC
  +--> ?PR?_I2CSENDBYTE?IIC
  +--> ?PR?I2CWAITACK?IIC
  +--> ?PR?I2CSTOP?IIC

?PR?_AD_READ?IIC                      -----    -----      -----    -----
  +--> ?PR?I2CSTART?IIC
  +--> ?PR?I2CWAITACK?IIC
  +--> ?PR?I2CSTOP?IIC

?PR?TIME_GET?DS1302                   -----    -----      -----    -----
  +--> ?PR?_READ_DS1302_BYTE?DS1302

?PR?_READ_DS1302_BYTE?DS1302          -----    -----      -----    -----
  +--> ?PR?_WRITE_DS1302?DS1302



SYMBOL TABLE OF MODULE:  .\Objects\test (MIAN)

  VALUE           TYPE          NAME
  ----------------------------------

  -------         MODULE        MIAN
  C:0000H         SYMBOL        _ICE_DUMMY_
  D:0080H         PUBLIC        P0
  D:0090H         PUBLIC        P1
  D:0021H         PUBLIC        temp_tt
  D:00A0H         PUBLIC        P2
  D:00B0H         PUBLIC        P3
  D:00C0H         PUBLIC        P4
  D:00C8H         PUBLIC        P5
  D:0023H         PUBLIC        AD_value
  D:00E8H         PUBLIC        P6
  B:00A8H.7       PUBLIC        EA
  D:00F8H         PUBLIC        P7
  D:0027H         PUBLIC        show_tt
  D:00A8H         PUBLIC        IE
  D:0029H         PUBLIC        key_tt
  D:00B8H         PUBLIC        IP
  C:0417H         PUBLIC        arrkey_scan
  D:002BH         PUBLIC        water_price
  B:0020H.0       PUBLIC        AD_ref
  D:00D8H         PUBLIC        CCON
  C:0523H         PUBLIC        main
  C:0CA3H         PUBLIC        Timer0_Init
  B:00B0H.0       PUBLIC        P30
  D:002DH         PUBLIC        open
  B:00B0H.1       PUBLIC        P31
  D:0098H         PUBLIC        SCON
  D:002FH         PUBLIC        water_rate
  B:00B0H.2       PUBLIC        P32
  D:0089H         PUBLIC        TMOD
  D:0088H         PUBLIC        TCON
  B:00C0H.2       PUBLIC        P42
BL51 BANKED LINKER/LOCATER V6.22.2.0                                                  03/08/2025  21:24:49  PAGE 5


  B:00B0H.3       PUBLIC        P33
  D:0031H         PUBLIC        water_time
  B:00C0H.4       PUBLIC        P44
  D:0033H         PUBLIC        temp_value
  B:0020H.1       PUBLIC        water_flow_flag
  C:06E2H         PUBLIC        Time0
  D:0037H         PUBLIC        water_flow
  D:008EH         PUBLIC        AUXR
  B:0020H.2       PUBLIC        key_flag
  D:0039H         PUBLIC        show_state
  C:0B5BH         PUBLIC        key_read
  B:00A8H.1       PUBLIC        ET0
  B:0088H.5       PUBLIC        TF0
  D:003AH         PUBLIC        key_value
  D:008CH         PUBLIC        TH0
  D:003BH         PUBLIC        AD_tt
  D:003DH         PUBLIC        key_state
  B:0020H.3       PUBLIC        time_ref
  D:008AH         PUBLIC        TL0
  C:0A6DH         PUBLIC        all_init
  D:003EH         PUBLIC        num
  C:08D0H         PUBLIC        key_scan
  C:0B7DH         PUBLIC        _delay_ms
  B:0088H.4       PUBLIC        TR0
  B:0020H.4       PUBLIC        temp_ref
  D:003FH         PUBLIC        led_bit
  C:0C10H         PUBLIC        _key_write
  D:0040H         PUBLIC        act_bit
  D:0041H         PUBLIC        key_time
  C:062CH         PUBLIC        tast_seg
  D:0043H         PUBLIC        seg_buf
  C:02CFH         PUBLIC        tast_show
  B:0020H.5       PUBLIC        show_ref
  C:097BH         PUBLIC        tast_key
  C:0A9AH         PUBLIC        seg_num
  D:0053H         PUBLIC        time_tt
  D:00D0H         PUBLIC        PSW
  -------         PROC          TAST_SEG
  C:062CH         LINE#         5
  C:062CH         LINE#         6
  C:062CH         LINE#         7
  C:0641H         LINE#         8
  C:0655H         LINE#         9
  C:0669H         LINE#         10
  C:0681H         LINE#         11
  C:0695H         LINE#         12
  C:0698H         LINE#         13
  C:0698H         LINE#         14
  C:06A6H         LINE#         15
  C:06A6H         LINE#         16
  C:06B2H         LINE#         17
  C:06BBH         LINE#         18
  C:06BBH         LINE#         19
  C:06C0H         LINE#         20
  C:06CFH         LINE#         21
  C:06D1H         LINE#         22
  C:06D4H         LINE#         23
BL51 BANKED LINKER/LOCATER V6.22.2.0                                                  03/08/2025  21:24:49  PAGE 6


  C:06D4H         LINE#         24
  C:06D9H         LINE#         25
  C:06D9H         LINE#         26
  C:06E1H         LINE#         27
  C:06E1H         LINE#         28
  C:06E1H         LINE#         29
  C:06E1H         LINE#         31
  -------         ENDPROC       TAST_SEG
  -------         PROC          MAIN
  C:0523H         LINE#         32
  C:0523H         LINE#         33
  C:0523H         LINE#         34
  C:0526H         LINE#         35
  C:0530H         LINE#         36
  C:0545H         LINE#         37
  C:0548H         LINE#         38
  C:054BH         LINE#         41
  C:055CH         LINE#         42
  C:0571H         LINE#         45
  C:0571H         LINE#         46
  C:0571H         LINE#         48
  C:0574H         LINE#         49
  C:0574H         LINE#         50
  C:0576H         LINE#         51
  C:0579H         LINE#         52
  C:0579H         LINE#         53
  C:057CH         LINE#         54
  C:057CH         LINE#         55
  C:057EH         LINE#         56
  C:0581H         LINE#         57
  C:0581H         LINE#         58
  C:0587H         LINE#         59
  C:0587H         LINE#         60
  C:0589H         LINE#         61
  C:05AAH         LINE#         62
  C:05D7H         LINE#         63
  C:0604H         LINE#         64
  C:0604H         LINE#         65
  C:0607H         LINE#         66
  C:0607H         LINE#         67
  C:0609H         LINE#         68
  C:061EH         LINE#         69
  C:061EH         LINE#         70
  C:0624H         LINE#         71
  C:0624H         LINE#         72
  C:0626H         LINE#         73
  C:0629H         LINE#         74
  C:0629H         LINE#         76
  -------         ENDPROC       MAIN
  -------         PROC          TAST_KEY
  C:097BH         LINE#         79
  C:097BH         LINE#         80
  C:097BH         LINE#         81
  C:0984H         LINE#         82
  C:0984H         LINE#         83
  C:0988H         LINE#         84
  C:098AH         LINE#         85
BL51 BANKED LINKER/LOCATER V6.22.2.0                                                  03/08/2025  21:24:49  PAGE 7


  C:0999H         LINE#         86
  C:099BH         LINE#         87
  C:099EH         LINE#         88
  C:099EH         LINE#         89
  C:09A4H         LINE#         90
  C:09A4H         LINE#         91
  C:09A8H         LINE#         92
  C:09AAH         LINE#         93
  C:09B9H         LINE#         94
  C:09BBH         LINE#         95
  C:09BEH         LINE#         96
  C:09BEH         LINE#         97
  -------         ENDPROC       TAST_KEY
  -------         PROC          TAST_SHOW
  C:02CFH         LINE#         98
  C:02CFH         LINE#         99
  C:02CFH         LINE#         100
  C:02DEH         LINE#         101
  C:02DEH         LINE#         102
  C:02DEH         LINE#         103
  C:02DEH         LINE#         104
  C:02E4H         LINE#         105
  C:02F8H         LINE#         106
  C:0314H         LINE#         107
  C:0323H         LINE#         109
  C:0332H         LINE#         110
  C:0353H         LINE#         111
  C:036FH         LINE#         112
  C:0373H         LINE#         113
  C:0373H         LINE#         114
  C:0376H         LINE#         115
  C:0376H         LINE#         116
  C:0376H         LINE#         117
  C:037CH         LINE#         118
  C:0390H         LINE#         119
  C:03ACH         LINE#         120
  C:03BBH         LINE#         122
  C:03CAH         LINE#         123
  C:03EBH         LINE#         124
  C:0407H         LINE#         125
  C:0416H         LINE#         126
  C:0416H         LINE#         127
  C:0416H         LINE#         128
  C:0416H         LINE#         129
  -------         ENDPROC       TAST_SHOW
  -------         PROC          KEY_SCAN
  C:08D0H         LINE#         131
  C:08D0H         LINE#         132
  C:08D0H         LINE#         133
  C:08DCH         LINE#         134
  C:08DCH         LINE#         135
  C:08DCH         LINE#         136
  C:08DCH         LINE#         137
  C:08EBH         LINE#         138
  C:08EBH         LINE#         139
  C:08ECH         LINE#         140
  C:08ECH         LINE#         141
BL51 BANKED LINKER/LOCATER V6.22.2.0                                                  03/08/2025  21:24:49  PAGE 8


  C:08ECH         LINE#         143
  C:08F2H         LINE#         144
  C:08F8H         LINE#         145
  C:08FEH         LINE#         146
  C:0904H         LINE#         147
  C:0907H         LINE#         149
  C:0907H         LINE#         150
  C:0908H         LINE#         151
  C:0908H         LINE#         152
  C:0908H         LINE#         153
  C:0914H         LINE#         154
  C:0914H         LINE#         155
  C:091FH         LINE#         156
  C:0920H         LINE#         158
  C:0920H         LINE#         159
  C:0923H         LINE#         160
  C:0925H         LINE#         161
  C:0925H         LINE#         163
  C:0925H         LINE#         164
  C:0925H         LINE#         165
  C:0925H         LINE#         166
  -------         ENDPROC       KEY_SCAN
  -------         PROC          ARRKEY_SCAN
  -------         DO            
  D:0007H         SYMBOL        key
  D:0014H         SYMBOL        key1
  D:0015H         SYMBOL        key2
  -------         ENDDO         
  C:0417H         LINE#         169
  C:0417H         LINE#         170
  C:0417H         LINE#         172
  C:0429H         LINE#         173
  C:0429H         LINE#         174
  C:0429H         LINE#         175
  C:0429H         LINE#         176
  C:042EH         LINE#         177
  C:043EH         LINE#         178
  C:043EH         LINE#         179
  C:043FH         LINE#         180
  C:043FH         LINE#         181
  C:043FH         LINE#         182
  C:0444H         LINE#         183
  C:044EH         LINE#         184
  C:0456H         LINE#         185
  C:045BH         LINE#         186
  C:0465H         LINE#         187
  C:046DH         LINE#         188
  C:0472H         LINE#         189
  C:0478H         LINE#         190
  C:0478H         LINE#         191
  C:04B0H         LINE#         192
  C:04B0H         LINE#         193
  C:04B5H         LINE#         194
  C:04BAH         LINE#         195
  C:04BFH         LINE#         196
  C:04C4H         LINE#         197
  C:04C9H         LINE#         198
BL51 BANKED LINKER/LOCATER V6.22.2.0                                                  03/08/2025  21:24:49  PAGE 9


  C:04CEH         LINE#         199
  C:04D3H         LINE#         200
  C:04D8H         LINE#         201
  C:04DDH         LINE#         202
  C:04E2H         LINE#         203
  C:04E7H         LINE#         204
  C:04ECH         LINE#         205
  C:04F1H         LINE#         206
  C:04F6H         LINE#         207
  C:04FBH         LINE#         208
  C:04FEH         LINE#         209
  C:04FEH         LINE#         210
  C:0501H         LINE#         211
  C:0501H         LINE#         212
  C:0501H         LINE#         213
  C:0502H         LINE#         214
  C:0502H         LINE#         215
  C:0502H         LINE#         216
  C:0507H         LINE#         217
  C:0511H         LINE#         218
  C:0511H         LINE#         219
  C:051CH         LINE#         220
  C:051DH         LINE#         222
  C:051DH         LINE#         223
  C:0520H         LINE#         224
  C:0522H         LINE#         225
  C:0522H         LINE#         226
  C:0522H         LINE#         227
  C:0522H         LINE#         228
  C:0522H         LINE#         229
  -------         ENDPROC       ARRKEY_SCAN
  -------         PROC          _KEY_WRITE
  D:0007H         SYMBOL        value
  -------         DO            
  D:0007H         SYMBOL        val
  -------         ENDDO         
  C:0C10H         LINE#         231
  C:0C10H         LINE#         232
  C:0C10H         LINE#         233
  C:0C10H         LINE#         234
  C:0C29H         LINE#         235
  -------         ENDPROC       _KEY_WRITE
  -------         PROC          KEY_READ
  -------         DO            
  D:0007H         SYMBOL        val
  D:0007H         SYMBOL        val_p3
  D:0006H         SYMBOL        val_p44
  D:0005H         SYMBOL        val_p42
  -------         ENDDO         
  C:0B5BH         LINE#         236
  C:0B5BH         LINE#         237
  C:0B5BH         LINE#         238
  C:0B5CH         LINE#         239
  C:0B67H         LINE#         240
  C:0B7CH         LINE#         241
  C:0B7CH         LINE#         242
  -------         ENDPROC       KEY_READ
BL51 BANKED LINKER/LOCATER V6.22.2.0                                                  03/08/2025  21:24:49  PAGE 10


  -------         PROC          TIME0
  C:06E2H         LINE#         244
  C:06FFH         LINE#         246
  C:0702H         LINE#         247
  C:0708H         LINE#         248
  C:070BH         LINE#         249
  C:072BH         LINE#         250
  C:072EH         LINE#         251
  C:0731H         LINE#         252
  C:073EH         LINE#         253
  C:0744H         LINE#         254
  C:0747H         LINE#         255
  C:0751H         LINE#         257
  C:0754H         LINE#         259
  -------         ENDPROC       TIME0
  -------         PROC          ALL_INIT
  C:0A6DH         LINE#         261
  C:0A6DH         LINE#         262
  C:0A6DH         LINE#         263
  C:0A70H         LINE#         264
  C:0A76H         LINE#         265
  C:0A79H         LINE#         266
  C:0A7CH         LINE#         267
  C:0A7FH         LINE#         268
  C:0A82H         LINE#         269
  C:0A85H         LINE#         270
  C:0A8BH         LINE#         271
  C:0A8EH         LINE#         272
  C:0A90H         LINE#         273
  C:0A96H         LINE#         274
  C:0A99H         LINE#         275
  -------         ENDPROC       ALL_INIT
  -------         PROC          TIMER0_INIT
  C:0CA3H         LINE#         277
  C:0CA3H         LINE#         278
  C:0CA3H         LINE#         279
  C:0CA6H         LINE#         280
  C:0CA9H         LINE#         281
  C:0CACH         LINE#         282
  C:0CAFH         LINE#         283
  C:0CB1H         LINE#         284
  C:0CB3H         LINE#         285
  C:0CB5H         LINE#         286
  C:0CB7H         LINE#         287
  -------         ENDPROC       TIMER0_INIT
  -------         PROC          _DELAY_MS
  D:0006H         SYMBOL        ms
  -------         DO            
  D:0004H         SYMBOL        i
  D:0002H         SYMBOL        j
  -------         ENDDO         
  C:0B7DH         LINE#         290
  C:0B7DH         LINE#         291
  C:0B7DH         LINE#         293
  C:0B87H         LINE#         294
  C:0B9CH         LINE#         295
  -------         ENDPROC       _DELAY_MS
BL51 BANKED LINKER/LOCATER V6.22.2.0                                                  03/08/2025  21:24:49  PAGE 11


  -------         ENDMOD        MIAN

  -------         MODULE        IIC
  C:0000H         SYMBOL        _ICE_DUMMY_
  D:0090H         PUBLIC        P1
  D:00A0H         PUBLIC        P2
  D:00B0H         PUBLIC        P3
  C:0C74H         PUBLIC        _AD_read
  D:00A8H         PUBLIC        IE
  C:0C2EH         SYMBOL        _I2C_Delay
  C:0CB8H         PUBLIC        _AD_write
  D:00B8H         PUBLIC        IP
  C:0B12H         PUBLIC        I2CReceiveByte
  C:0C5CH         PUBLIC        _AT24C02_read
  C:0C8CH         PUBLIC        _AT24C02_write
  D:0098H         PUBLIC        SCON
  D:0088H         PUBLIC        TCON
  B:00A0H.1       PUBLIC        sda
  B:00A0H.0       PUBLIC        scl
  C:0CE1H         PUBLIC        I2CStart
  C:0C44H         PUBLIC        _I2CSendAck
  C:0A38H         PUBLIC        _I2CSendByte
  C:0BC6H         PUBLIC        I2CWaitAck
  C:0BE8H         PUBLIC        I2CStop
  D:00C8H         PUBLIC        T2CON
  D:00D0H         PUBLIC        PSW
  C:0C2AH         SYMBOL        L?0027
  -------         PROC          L?0026
  -------         ENDPROC       L?0026
  C:0C2AH         SYMBOL        L?0027
  -------         PROC          _I2C_DELAY
  D:0007H         SYMBOL        n
  C:0C2EH         LINE#         15
  C:0C2EH         LINE#         16
  C:0C2EH         LINE#         18
  C:0C2EH         LINE#         19
  C:0C33H         LINE#         20
  C:0C38H         LINE#         21
  C:0C3DH         LINE#         22
  C:0C3DH         LINE#         23
  C:0C43H         LINE#         24
  -------         ENDPROC       _I2C_DELAY
  -------         PROC          I2CSTART
  C:0CE1H         LINE#         27
  C:0CE1H         LINE#         28
  C:0CE1H         LINE#         29
  C:0CE3H         LINE#         30
  C:0CE3H         LINE#         31
  C:0CE6H         LINE#         32
  C:0CE8H         LINE#         33
  C:0CEDH         LINE#         34
  C:0CEFH         LINE#         35
  -------         ENDPROC       I2CSTART
  -------         PROC          L?0028
  -------         ENDPROC       L?0028
  -------         PROC          I2CSTOP
  C:0BE8H         LINE#         38
BL51 BANKED LINKER/LOCATER V6.22.2.0                                                  03/08/2025  21:24:49  PAGE 12


  C:0BE8H         LINE#         39
  C:0BE8H         LINE#         40
  C:0BEAH         LINE#         41
  C:0BEAH         LINE#         42
  C:0BEDH         LINE#         43
  C:0BEFH         LINE#         44
  -------         ENDPROC       I2CSTOP
  -------         PROC          _I2CSENDBYTE
  D:0005H         SYMBOL        byt
  -------         DO            
  D:0004H         SYMBOL        i
  -------         ENDDO         
  C:0A38H         LINE#         48
  C:0A3AH         LINE#         49
  C:0A3AH         LINE#         52
  C:0A46H         LINE#         53
  C:0A48H         LINE#         54
  C:0A4DH         LINE#         55
  C:0A51H         LINE#         56
  C:0A53H         LINE#         57
  C:0A55H         LINE#         58
  C:0A55H         LINE#         59
  C:0A57H         LINE#         60
  C:0A57H         LINE#         61
  C:0A5CH         LINE#         62
  C:0A5EH         LINE#         63
  C:0A62H         LINE#         64
  C:0A67H         LINE#         65
  C:0A6AH         LINE#         67
  C:0A6CH         LINE#         68
  -------         ENDPROC       _I2CSENDBYTE
  -------         PROC          I2CRECEIVEBYTE
  -------         DO            
  D:0005H         SYMBOL        da
  D:0004H         SYMBOL        i
  -------         ENDDO         
  C:0B12H         LINE#         71
  C:0B12H         LINE#         72
  C:0B12H         LINE#         75
  C:0B1EH         LINE#         76
  C:0B1EH         LINE#         77
  C:0B21H         LINE#         78
  C:0B25H         LINE#         79
  C:0B28H         LINE#         80
  C:0B2BH         LINE#         81
  C:0B2DH         LINE#         82
  C:0B32H         LINE#         83
  C:0B35H         LINE#         84
  C:0B37H         LINE#         85
  -------         ENDPROC       I2CRECEIVEBYTE
  C:0BBBH         SYMBOL        L?0025
  -------         PROC          L?0024
  -------         ENDPROC       L?0024
  C:0BBBH         SYMBOL        L?0025
  -------         PROC          I2CWAITACK
  -------         DO            
  D:0005H         SYMBOL        ackbit
BL51 BANKED LINKER/LOCATER V6.22.2.0                                                  03/08/2025  21:24:49  PAGE 13


  -------         ENDDO         
  C:0BC6H         LINE#         88
  C:0BC6H         LINE#         89
  C:0BC6H         LINE#         92
  C:0BC6H         LINE#         93
  C:0BC9H         LINE#         94
  C:0BCEH         LINE#         95
  C:0BD0H         LINE#         96
  C:0BD5H         LINE#         98
  C:0BD7H         LINE#         99
  -------         ENDPROC       I2CWAITACK
  -------         PROC          _I2CSENDACK
  D:0007H         SYMBOL        ackbit
  C:0C44H         LINE#         102
  C:0C44H         LINE#         103
  C:0C44H         LINE#         104
  C:0C46H         LINE#         105
  C:0C4BH         LINE#         106
  C:0C50H         LINE#         107
  C:0C50H         LINE#         108
  C:0C53H         LINE#         109
  C:0C55H         LINE#         110
  C:0C57H         LINE#         111
  -------         ENDPROC       _I2CSENDACK
  -------         PROC          _AT24C02_WRITE
  D:0002H         SYMBOL        add
  D:0003H         SYMBOL        dat
  C:0C8CH         LINE#         114
  C:0C90H         LINE#         115
  C:0C90H         LINE#         116
  C:0C93H         LINE#         117
  C:0C98H         LINE#         118
  C:0C9BH         LINE#         119
  C:0C9DH         LINE#         120
  C:0C9DH         LINE#         121
  C:0C9DH         LINE#         122
  C:0CA0H         LINE#         123
  -------         ENDPROC       _AT24C02_WRITE
  -------         PROC          _AT24C02_READ
  D:0003H         SYMBOL        add
  -------         DO            
  D:0005H         SYMBOL        dat
  -------         ENDDO         
  C:0C5CH         LINE#         126
  C:0C5EH         LINE#         127
  C:0C5EH         LINE#         129
  C:0C61H         LINE#         130
  C:0C63H         LINE#         131
  C:0C63H         LINE#         132
  C:0C63H         LINE#         133
  C:0C66H         LINE#         134
  C:0C69H         LINE#         136
  C:0C6CH         LINE#         137
  C:0C6EH         LINE#         138
  C:0C6EH         LINE#         139
  C:0C6EH         LINE#         140
  C:0C6EH         LINE#         141
BL51 BANKED LINKER/LOCATER V6.22.2.0                                                  03/08/2025  21:24:49  PAGE 14


  C:0C71H         LINE#         143
  C:0C73H         LINE#         144
  -------         ENDPROC       _AT24C02_READ
  -------         PROC          _AD_WRITE
  D:0003H         SYMBOL        dat
  C:0CB8H         LINE#         146
  C:0CBAH         LINE#         147
  C:0CBAH         LINE#         148
  C:0CBDH         LINE#         149
  C:0CC2H         LINE#         150
  C:0CC5H         LINE#         151
  C:0CC7H         LINE#         152
  C:0CC7H         LINE#         153
  C:0CC7H         LINE#         154
  C:0CCAH         LINE#         155
  -------         ENDPROC       _AD_WRITE
  -------         PROC          _AD_READ
  D:0003H         SYMBOL        add
  -------         DO            
  D:0005H         SYMBOL        dat
  -------         ENDDO         
  C:0C74H         LINE#         158
  C:0C76H         LINE#         159
  C:0C76H         LINE#         161
  C:0C79H         LINE#         162
  C:0C7BH         LINE#         163
  C:0C7BH         LINE#         164
  C:0C7BH         LINE#         165
  C:0C7EH         LINE#         166
  C:0C81H         LINE#         168
  C:0C84H         LINE#         169
  C:0C86H         LINE#         170
  C:0C86H         LINE#         171
  C:0C86H         LINE#         172
  C:0C86H         LINE#         173
  C:0C89H         LINE#         175
  C:0C8BH         LINE#         176
  -------         ENDPROC       _AD_READ
  -------         ENDMOD        IIC

  -------         MODULE        ONEWIRE
  C:0000H         SYMBOL        _ICE_DUMMY_
  D:0090H         PUBLIC        P1
  D:00B0H         PUBLIC        P3
  C:0B38H         PUBLIC        Read_DS18B20
  D:00A8H         PUBLIC        IE
  C:0BA1H         PUBLIC        _Delay_OneWire
  C:0AC4H         PUBLIC        _Write_DS18B20
  B:0090H.4       PUBLIC        DQ
  D:00B8H         PUBLIC        IP
  C:0AEBH         PUBLIC        init_ds18b20
  D:0098H         PUBLIC        SCON
  D:0088H         PUBLIC        TCON
  C:086CH         PUBLIC        temp_get
  D:00C8H         PUBLIC        T2CON
  D:00D0H         PUBLIC        PSW
  C:0B9DH         SYMBOL        L?0020
BL51 BANKED LINKER/LOCATER V6.22.2.0                                                  03/08/2025  21:24:49  PAGE 15


  -------         PROC          L?0019
  -------         ENDPROC       L?0019
  C:0B9DH         SYMBOL        L?0020
  -------         PROC          _DELAY_ONEWIRE
  D:0006H         SYMBOL        t
  -------         DO            
  D:0005H         SYMBOL        i
  -------         ENDDO         
  C:0BA1H         LINE#         11
  C:0BA1H         LINE#         12
  C:0BA1H         LINE#         14
  C:0BABH         LINE#         15
  C:0BBAH         LINE#         16
  C:0BBAH         LINE#         17
  -------         ENDPROC       _DELAY_ONEWIRE
  -------         PROC          _WRITE_DS18B20
  D:0001H         SYMBOL        dat
  -------         DO            
  D:0003H         SYMBOL        i
  -------         ENDDO         
  C:0AC4H         LINE#         20
  C:0AC6H         LINE#         21
  C:0AC6H         LINE#         23
  C:0AD2H         LINE#         24
  C:0AD2H         LINE#         25
  C:0AD4H         LINE#         26
  C:0AD8H         LINE#         27
  C:0ADBH         LINE#         28
  C:0ADDH         LINE#         29
  C:0AE1H         LINE#         30
  C:0AE4H         LINE#         31
  -------         ENDPROC       _WRITE_DS18B20
  -------         PROC          READ_DS18B20
  -------         DO            
  D:0003H         SYMBOL        i
  D:0004H         SYMBOL        dat
  -------         ENDDO         
  C:0B38H         LINE#         35
  C:0B38H         LINE#         36
  C:0B38H         LINE#         40
  C:0B44H         LINE#         41
  C:0B44H         LINE#         42
  C:0B46H         LINE#         43
  C:0B4AH         LINE#         44
  C:0B4CH         LINE#         45
  C:0B4FH         LINE#         46
  C:0B4FH         LINE#         47
  C:0B52H         LINE#         48
  C:0B52H         LINE#         49
  C:0B55H         LINE#         50
  C:0B58H         LINE#         51
  C:0B5AH         LINE#         52
  -------         ENDPROC       READ_DS18B20
  -------         PROC          INIT_DS18B20
  -------         DO            
  B:0020H.6       SYMBOL        initflag
  -------         ENDDO         
BL51 BANKED LINKER/LOCATER V6.22.2.0                                                  03/08/2025  21:24:49  PAGE 16


  C:0AEBH         LINE#         55
  C:0AEBH         LINE#         56
  C:0AEBH         LINE#         57
  C:0AEDH         LINE#         59
  C:0AEFH         LINE#         60
  C:0AF6H         LINE#         61
  C:0AF8H         LINE#         62
  C:0AFFH         LINE#         63
  C:0B01H         LINE#         64
  C:0B08H         LINE#         65
  C:0B0CH         LINE#         66
  C:0B0FH         LINE#         68
  C:0B11H         LINE#         69
  -------         ENDPROC       INIT_DS18B20
  -------         PROC          TEMP_GET
  -------         DO            
  D:0007H         SYMBOL        high
  D:0001H         SYMBOL        low
  D:0016H         SYMBOL        temp
  -------         ENDDO         
  C:086CH         LINE#         72
  C:086CH         LINE#         73
  C:086CH         LINE#         77
  C:086FH         LINE#         78
  C:0874H         LINE#         79
  C:0879H         LINE#         80
  C:0880H         LINE#         82
  C:0883H         LINE#         83
  C:0888H         LINE#         84
  C:088DH         LINE#         86
  C:0892H         LINE#         87
  C:0895H         LINE#         89
  C:08A2H         LINE#         90
  C:08B5H         LINE#         91
  C:08C8H         LINE#         93
  C:08CFH         LINE#         94
  -------         ENDPROC       TEMP_GET
  -------         ENDMOD        ONEWIRE

  -------         MODULE        DS1302
  C:0000H         SYMBOL        _ICE_DUMMY_
  D:0090H         PUBLIC        P1
  D:00A0H         PUBLIC        P2
  D:00B0H         PUBLIC        P3
  D:00A8H         PUBLIC        IE
  D:00B8H         PUBLIC        IP
  D:0098H         PUBLIC        SCON
  D:0088H         PUBLIC        TCON
  C:0926H         PUBLIC        time_init
  C:09FCH         PUBLIC        time_get
  C:09BFH         PUBLIC        _Read_Ds1302_Byte
  B:00A0H.3       PUBLIC        SDA
  B:0090H.7       PUBLIC        SCK
  D:0008H         PUBLIC        time1
  D:000EH         PUBLIC        time2
  C:0CCDH         PUBLIC        _Write_Ds1302_Byte
  D:00C8H         PUBLIC        T2CON
BL51 BANKED LINKER/LOCATER V6.22.2.0                                                  03/08/2025  21:24:49  PAGE 17


  C:0BF4H         PUBLIC        _Write_Ds1302
  B:0090H.3       PUBLIC        RST
  D:00D0H         PUBLIC        PSW
  -------         PROC          _WRITE_DS1302
  D:0007H         SYMBOL        temp
  -------         DO            
  D:0006H         SYMBOL        i
  -------         ENDDO         
  C:0BF4H         LINE#         19
  C:0BF4H         LINE#         20
  C:0BF4H         LINE#         22
  C:0C00H         LINE#         23
  C:0C00H         LINE#         24
  C:0C02H         LINE#         25
  C:0C06H         LINE#         26
  C:0C0AH         LINE#         27
  C:0C0CH         LINE#         28
  C:0C0FH         LINE#         29
  -------         ENDPROC       _WRITE_DS1302
  -------         PROC          _WRITE_DS1302_BYTE
  D:0007H         SYMBOL        address
  D:0005H         SYMBOL        dat
  C:0CCDH         LINE#         32
  C:0CCDH         LINE#         33
  C:0CCDH         LINE#         34
  C:0CD0H         LINE#         35
  C:0CD3H         LINE#         36
  C:0CD6H         LINE#         37
  C:0CD9H         LINE#         38
  C:0CDEH         LINE#         39
  C:0CE0H         LINE#         40
  -------         ENDPROC       _WRITE_DS1302_BYTE
  -------         PROC          _READ_DS1302_BYTE
  D:0007H         SYMBOL        address
  -------         DO            
  D:0007H         SYMBOL        i
  D:0005H         SYMBOL        temp
  -------         ENDDO         
  C:09BFH         LINE#         43
  C:09BFH         LINE#         44
  C:09BFH         LINE#         45
  C:09C1H         LINE#         46
  C:09C4H         LINE#         47
  C:09C7H         LINE#         48
  C:09CAH         LINE#         49
  C:09CDH         LINE#         50
  C:09D9H         LINE#         51
  C:09D9H         LINE#         52
  C:09DBH         LINE#         53
  C:09DFH         LINE#         54
  C:09E2H         LINE#         55
  C:09E5H         LINE#         56
  C:09E7H         LINE#         57
  C:09EAH         LINE#         58
  C:09EDH         LINE#         59
  C:09F0H         LINE#         60
  C:09F3H         LINE#         61
BL51 BANKED LINKER/LOCATER V6.22.2.0                                                  03/08/2025  21:24:49  PAGE 18


  C:09F6H         LINE#         62
  C:09F9H         LINE#         63
  C:09FBH         LINE#         64
  -------         ENDPROC       _READ_DS1302_BYTE
  -------         PROC          TIME_INIT
  -------         DO            
  D:0003H         SYMBOL        i
  D:0016H         SYMBOL        add
  -------         ENDDO         
  C:0926H         LINE#         67
  C:0926H         LINE#         68
  C:0926H         LINE#         70
  C:0929H         LINE#         71
  C:0930H         LINE#         72
  C:093CH         LINE#         73
  C:093CH         LINE#         74
  C:096DH         LINE#         75
  C:0971H         LINE#         76
  C:0974H         LINE#         77
  -------         ENDPROC       TIME_INIT
  -------         PROC          TIME_GET
  -------         DO            
  D:0003H         SYMBOL        i
  D:0004H         SYMBOL        add
  D:0005H         SYMBOL        dat
  -------         ENDDO         
  C:09FCH         LINE#         80
  C:09FCH         LINE#         81
  C:09FCH         LINE#         83
  C:09FEH         LINE#         84
  C:0A0AH         LINE#         85
  C:0A0AH         LINE#         86
  C:0A11H         LINE#         87
  C:0A32H         LINE#         88
  C:0A34H         LINE#         89
  C:0A37H         LINE#         90
  -------         ENDPROC       TIME_GET
  -------         ENDMOD        DS1302

  -------         MODULE        ?C?FPMUL
  C:000EH         PUBLIC        ?C?FPMUL
  -------         ENDMOD        ?C?FPMUL

  -------         MODULE        ?C?FCAST
  C:011EH         PUBLIC        ?C?FCASTC
  C:0119H         PUBLIC        ?C?FCASTI
  C:0114H         PUBLIC        ?C?FCASTL
  -------         ENDMOD        ?C?FCAST

  -------         MODULE        ?C?CASTF
  C:0152H         PUBLIC        ?C?CASTF
  -------         ENDMOD        ?C?CASTF

  -------         MODULE        ?C?UIDIV
  C:01D3H         PUBLIC        ?C?UIDIV
  -------         ENDMOD        ?C?UIDIV

BL51 BANKED LINKER/LOCATER V6.22.2.0                                                  03/08/2025  21:24:49  PAGE 19


  -------         MODULE        ?C?LMUL
  C:0228H         PUBLIC        ?C?LMUL
  -------         ENDMOD        ?C?LMUL

  -------         MODULE        ?C?LNEG
  C:0277H         PUBLIC        ?C?LNEG
  -------         ENDMOD        ?C?LNEG

  -------         MODULE        ?C?ULCMP
  C:0285H         PUBLIC        ?C?ULCMP
  -------         ENDMOD        ?C?ULCMP

  -------         MODULE        ?C?LSHL
  C:0296H         PUBLIC        ?C?LSHL
  -------         ENDMOD        ?C?LSHL

  -------         MODULE        ?C?CCASE
  C:02A9H         PUBLIC        ?C?CCASE
  -------         ENDMOD        ?C?CCASE

*** WARNING L16: UNCALLED SEGMENT, IGNORED FOR OVERLAY PROCESS
    SEGMENT: ?PR?KEY_SCAN?MIAN

*** WARNING L16: UNCALLED SEGMENT, IGNORED FOR OVERLAY PROCESS
    SEGMENT: ?PR?_AD_WRITE?IIC

Program Size: data=79.7 xdata=0 code=3304
LINK/LOCATE RUN COMPLETE.  2 WARNING(S),  0 ERROR(S)
