BL51 BANKED LINKER/LOCATER V6.22.2.0                                                    04/10/2025  14:40:41  PAGE 1


BL51 BANKED LINKER/LOCATER V6.22.2.0, INVOKED BY:
D:\KEIL5-1\C51\BIN\BL51.EXE .\Objects\main.obj, .\Objects\iic.obj, .\Objects\ds1302.obj TO .\Objects\test PRINT (.\Listi
>> ngs\test.m51) RAMSIZE (256)


MEMORY MODEL: SMALL WITH FLOATING POINT ARITHMETIC


INPUT MODULES INCLUDED:
  .\Objects\main.obj (MAIN)
  .\Objects\iic.obj (IIC)
  .\Objects\ds1302.obj (DS1302)
  D:\KEIL5-1\C51\LIB\C51FPS.LIB (?C?FPADD)
  D:\KEIL5-1\C51\LIB\C51FPS.LIB (?C?FPMUL)
  D:\KEIL5-1\C51\LIB\C51FPS.LIB (?C?FPDIV)
  D:\KEIL5-1\C51\LIB\C51FPS.LIB (?C?FCAST)
  D:\KEIL5-1\C51\LIB\C51FPS.LIB (?C?CASTF)
  D:\KEIL5-1\C51\LIB\C51FPS.LIB (?C?FPGETOPN)
  D:\KEIL5-1\C51\LIB\C51S.LIB (?C_STARTUP)
  D:\KEIL5-1\C51\LIB\C51S.LIB (?C?IMUL)
  D:\KEIL5-1\C51\LIB\C51S.LIB (?C?UIDIV)
  D:\KEIL5-1\C51\LIB\C51S.LIB (?C?SIDIV)
  D:\KEIL5-1\C51\LIB\C51S.LIB (?C?SLDIV)
  D:\KEIL5-1\C51\LIB\C51S.LIB (?C?LNEG)
  D:\KEIL5-1\C51\LIB\C51S.LIB (?C_INIT)
  D:\KEIL5-1\C51\LIB\C51S.LIB (?C?ULDIV)


LINK MAP OF MODULE:  .\Objects\test (MAIN)


            TYPE    BASE      LENGTH    RELOCATION   SEGMENT NAME
            -----------------------------------------------------

            * * * * * * *   D A T A   M E M O R Y   * * * * * * *
            REG     0000H     0008H     ABSOLUTE     "REG BANK 0"
            DATA    0008H     0006H     UNIT         ?DT?DS1302
            DATA    000EH     0004H     UNIT         _DATA_GROUP_
                    0012H     000EH                  *** GAP ***
            BIT     0020H.0   0001H.2   UNIT         ?BI?MAIN
                    0021H.2   0000H.6                *** GAP ***
            DATA    0022H     0048H     UNIT         ?DT?MAIN
            IDATA   006AH     0001H     UNIT         ?STACK

            * * * * * * *   C O D E   M E M O R Y   * * * * * * *
            CODE    0000H     0003H     ABSOLUTE     
            CODE    0003H     0007H     UNIT         ?PR?DELAY15US?MAIN
                    000AH     0001H                  *** GAP ***
            CODE    000BH     0003H     ABSOLUTE     
            CODE    000EH     0055H     UNIT         ?PR?TIME_INIT?DS1302
            CODE    0063H     0003H     ABSOLUTE     
            CODE    0066H     04D6H     UNIT         ?C?LIB_CODE
            CODE    053CH     0441H     UNIT         ?PR?TAST_SHOW?MAIN
            CODE    097DH     0169H     UNIT         ?PR?TAST_LED?MAIN
            CODE    0AE6H     0167H     UNIT         ?PR?MAIN?MAIN
            CODE    0C4DH     011DH     UNIT         ?PR?TAST_KEY?MAIN
            CODE    0D6AH     00CDH     UNIT         ?PR?KEY_SCAN?MAIN
            CODE    0E37H     00A3H     UNIT         ?C_INITSEG
BL51 BANKED LINKER/LOCATER V6.22.2.0                                                  04/10/2025  14:40:41  PAGE 2


            CODE    0EDAH     008EH     UNIT         ?PR?TAST_CLOCK?MAIN
            CODE    0F68H     008CH     UNIT         ?C_C51STARTUP
            CODE    0FF4H     0083H     UNIT         ?PR?TIMER0?MAIN
            CODE    1077H     004CH     UNIT         ?PR?ULTRA?MAIN
            CODE    10C3H     0044H     UNIT         ?C?LDIV
            CODE    1107H     003FH     UNIT         ?PR?TIMER2?MAIN
            CODE    1146H     003DH     UNIT         ?PR?_READ_DS1302_BYTE?DS1302
            CODE    1183H     003CH     UNIT         ?PR?_KEY_W?MAIN
            CODE    11BFH     003CH     UNIT         ?PR?TIME_GET?DS1302
            CODE    11FBH     0036H     UNIT         ?CO?MAIN
            CODE    1231H     0035H     UNIT         ?PR?_I2CSENDBYTE?IIC
            CODE    1266H     002DH     UNIT         ?PR?ALL_INIT?MAIN
            CODE    1293H     0028H     UNIT         ?PR?_AD_R?IIC
            CODE    12BBH     0026H     UNIT         ?PR?I2CRECEIVEBYTE?IIC
            CODE    12E1H     0022H     UNIT         ?PR?KEY_R?MAIN
            CODE    1303H     0021H     UNIT         ?PR?SEND_WAVE?MAIN
            CODE    1324H     0020H     UNIT         ?PR?_DELAY_MS?MAIN
            CODE    1344H     001DH     UNIT         ?PR?I2CWAITACK?IIC
            CODE    1361H     001CH     UNIT         ?PR?_WRITE_DS1302?DS1302
            CODE    137DH     001AH     UNIT         ?PR?_I2C_DELAY?IIC
            CODE    1397H     0018H     UNIT         ?PR?_I2CSENDACK?IIC
            CODE    13AFH     0015H     UNIT         ?PR?TIMER0_INIT?MAIN
            CODE    13C4H     0015H     UNIT         ?PR?_AD_W?IIC
            CODE    13D9H     0014H     UNIT         ?PR?_WRITE_DS1302_BYTE?DS1302
            CODE    13EDH     0010H     UNIT         ?PR?TIMER2_INIT?MAIN
            CODE    13FDH     000FH     UNIT         ?PR?I2CSTART?IIC
            CODE    140CH     000EH     UNIT         ?PR?TIMER1_INIT?MAIN
            CODE    141AH     000CH     UNIT         ?PR?I2CSTOP?IIC



OVERLAY MAP OF MODULE:   .\Objects\test (MAIN)


SEGMENT                                 DATA_GROUP 
  +--> CALLED SEGMENT                 START    LENGTH
-----------------------------------------------------
?PR?TIMER0?MAIN                       -----    -----
  +--> ?CO?MAIN
  +--> ?PR?TAST_CLOCK?MAIN

?PR?TAST_CLOCK?MAIN                   -----    -----
  +--> ?PR?KEY_SCAN?MAIN

?PR?KEY_SCAN?MAIN                     000EH    0002H
  +--> ?PR?_KEY_W?MAIN
  +--> ?PR?KEY_R?MAIN

*** NEW ROOT ***************************************************

?C_C51STARTUP                         -----    -----
  +--> ?PR?MAIN?MAIN
  +--> ?C_INITSEG

?PR?MAIN?MAIN                         -----    -----
  +--> ?PR?ALL_INIT?MAIN
  +--> ?PR?TIMER0_INIT?MAIN
BL51 BANKED LINKER/LOCATER V6.22.2.0                                                  04/10/2025  14:40:41  PAGE 3


  +--> ?PR?_DELAY_MS?MAIN
  +--> ?PR?TIMER1_INIT?MAIN
  +--> ?PR?TIMER2_INIT?MAIN
  +--> ?PR?TIME_INIT?DS1302
  +--> ?PR?TIME_GET?DS1302
  +--> ?PR?TAST_SHOW?MAIN
  +--> ?PR?TAST_KEY?MAIN
  +--> ?PR?ULTRA?MAIN
  +--> ?PR?_AD_W?IIC
  +--> ?PR?TAST_LED?MAIN

?PR?TIME_INIT?DS1302                  0010H    0001H
  +--> ?PR?_WRITE_DS1302_BYTE?DS1302

?PR?_WRITE_DS1302_BYTE?DS1302         -----    -----
  +--> ?PR?_WRITE_DS1302?DS1302

?PR?TIME_GET?DS1302                   -----    -----
  +--> ?PR?_READ_DS1302_BYTE?DS1302

?PR?_READ_DS1302_BYTE?DS1302          -----    -----
  +--> ?PR?_WRITE_DS1302?DS1302

?PR?ULTRA?MAIN                        -----    -----
  +--> ?PR?SEND_WAVE?MAIN

?PR?SEND_WAVE?MAIN                    0010H    0002H
  +--> ?PR?DELAY15US?MAIN

?PR?_AD_W?IIC                         -----    -----
  +--> ?PR?I2CSTART?IIC
  +--> ?PR?_I2CSENDBYTE?IIC
  +--> ?PR?I2CWAITACK?IIC
  +--> ?PR?I2CSTOP?IIC

?PR?I2CSTART?IIC                      -----    -----
  +--> ?PR?_I2C_DELAY?IIC

?PR?_I2CSENDBYTE?IIC                  -----    -----
  +--> ?PR?_I2C_DELAY?IIC

?PR?I2CWAITACK?IIC                    -----    -----
  +--> ?PR?_I2CSENDBYTE?IIC
  +--> ?PR?_I2C_DELAY?IIC

?PR?I2CSTOP?IIC                       -----    -----
  +--> ?PR?_I2C_DELAY?IIC



SYMBOL TABLE OF MODULE:  .\Objects\test (MAIN)

  VALUE           TYPE          NAME
  ----------------------------------

  -------         MODULE        MAIN
  C:0000H         SYMBOL        _ICE_DUMMY_
BL51 BANKED LINKER/LOCATER V6.22.2.0                                                  04/10/2025  14:40:41  PAGE 4


  D:0022H         PUBLIC        pwm_duty
  D:0023H         PUBLIC        led_tt
  D:0080H         PUBLIC        P0
  D:0090H         PUBLIC        P1
  D:00A0H         PUBLIC        P2
  D:00B0H         PUBLIC        P3
  D:00C0H         PUBLIC        P4
  D:00C8H         PUBLIC        P5
  D:0025H         PUBLIC        pwm_freq_buf
  D:00E8H         PUBLIC        P6
  B:00A8H.7       PUBLIC        EA
  D:00F8H         PUBLIC        P7
  D:0027H         PUBLIC        show_tt
  B:00B0H.4       PUBLIC        pwm_in
  D:00A8H         PUBLIC        IE
  D:0028H         PUBLIC        key_tt
  D:00B8H         PUBLIC        IP
  C:12E1H         PUBLIC        key_r
  D:0029H         PUBLIC        pwm_h
  D:002BH         PUBLIC        pwm_duty_buf
  D:002CH         PUBLIC        pwm_in_freq
  D:002EH         PUBLIC        pwm_tt
  C:1183H         PUBLIC        _key_w
  D:0030H         PUBLIC        pwm_l
  B:0020H.0       PUBLIC        AD_ref
  D:00D8H         PUBLIC        CCON
  C:0AE6H         PUBLIC        main
  D:0032H         PUBLIC        AD_val
  B:0090H.1       PUBLIC        RX
  C:1077H         PUBLIC        ultra
  C:13AFH         PUBLIC        Timer0_Init
  C:140CH         PUBLIC        Timer1_Init
  B:0090H.0       PUBLIC        TX
  C:13EDH         PUBLIC        Timer2_Init
  C:0EDAH         PUBLIC        tast_clock
  D:0034H         PUBLIC        pwm_h_save
  B:00B0H.0       PUBLIC        P30
  C:0FF4H         PUBLIC        Timer0
  D:0036H         PUBLIC        pwm_l_save
  B:00B0H.1       PUBLIC        P31
  D:0098H         PUBLIC        SCON
  B:00B0H.2       PUBLIC        P32
  D:0089H         PUBLIC        TMOD
  D:0088H         PUBLIC        TCON
  C:1107H         PUBLIC        Timer2
  B:00C0H.2       PUBLIC        P42
  B:00B0H.3       PUBLIC        P33
  D:0038H         PUBLIC        pwm_in_duty
  B:00C0H.4       PUBLIC        P44
  D:003AH         PUBLIC        lcm
  D:00AFH         PUBLIC        IE2
  D:008EH         PUBLIC        AUXR
  C:0003H         PUBLIC        Delay15us
  C:1303H         PUBLIC        send_wave
  D:003CH         PUBLIC        time_save
  D:0042H         PUBLIC        pwm_adjust
  B:0020H.1       PUBLIC        key_flag
BL51 BANKED LINKER/LOCATER V6.22.2.0                                                  04/10/2025  14:40:41  PAGE 5


  B:00A8H.1       PUBLIC        ET0
  B:0020H.2       PUBLIC        ultra_ref
  B:0088H.5       PUBLIC        TF0
  B:0088H.7       PUBLIC        TF1
  D:008CH         PUBLIC        TH0
  D:008DH         PUBLIC        TH1
  D:0044H         PUBLIC        AD_tt
  D:0046H         PUBLIC        pwm_in_duty_last
  D:00D6H         PUBLIC        T2H
  D:0048H         PUBLIC        lcm_time
  B:0020H.3       PUBLIC        time_ref
  D:008AH         PUBLIC        TL0
  C:1266H         PUBLIC        all_init
  D:004AH         PUBLIC        num
  D:008BH         PUBLIC        TL1
  C:0D6AH         PUBLIC        key_scan
  B:0020H.4       PUBLIC        pwm_flag
  D:00D7H         PUBLIC        T2L
  C:1324H         PUBLIC        _delay_ms
  B:00B8H.1       PUBLIC        PT0
  C:097DH         PUBLIC        tast_led
  B:0020H.5       PUBLIC        led_ref
  B:0088H.4       PUBLIC        TR0
  D:004BH         PUBLIC        led_bit
  B:0088H.6       PUBLIC        TR1
  D:004CH         PUBLIC        act_bit
  D:004DH         PUBLIC        pwm_para
  D:004FH         PUBLIC        key_time
  D:0051H         PUBLIC        seg_buf
  C:053CH         PUBLIC        tast_show
  D:0059H         PUBLIC        pwm_count
  B:0020H.6       PUBLIC        show_ref
  B:0020H.7       PUBLIC        led1_flag
  B:0021H.0       PUBLIC        led2_flag
  D:005BH         PUBLIC        pwm_freq
  D:005DH         PUBLIC        showstate
  C:0C4DH         PUBLIC        tast_key
  D:005EH         PUBLIC        k
  D:0062H         PUBLIC        key_val
  D:0063H         PUBLIC        keystate
  C:11FBH         PUBLIC        seg_num
  B:0021H.1       PUBLIC        pwm_ref
  D:0064H         PUBLIC        ultra_tt
  D:0066H         PUBLIC        time_tt
  D:00D0H         PUBLIC        PSW
  D:0068H         PUBLIC        pwm_max
  -------         PROC          TAST_CLOCK
  C:0EDAH         LINE#         5
  C:0EDAH         LINE#         6
  C:0EDAH         LINE#         7
  C:0EE7H         LINE#         8
  C:0EF3H         LINE#         9
  C:0F0BH         LINE#         10
  C:0F23H         LINE#         11
  C:0F3BH         LINE#         12
  C:0F53H         LINE#         13
  C:0F67H         LINE#         15
BL51 BANKED LINKER/LOCATER V6.22.2.0                                                  04/10/2025  14:40:41  PAGE 6


  -------         ENDPROC       TAST_CLOCK
  -------         PROC          MAIN
  C:0AE6H         LINE#         17
  C:0AE6H         LINE#         18
  C:0AE6H         LINE#         19
  C:0AE9H         LINE#         20
  C:0AF3H         LINE#         21
  C:0AF6H         LINE#         22
  C:0AF9H         LINE#         23
  C:0AFFH         LINE#         24
  C:0B01H         LINE#         25
  C:0B01H         LINE#         26
  C:0B01H         LINE#         27
  C:0B04H         LINE#         28
  C:0B04H         LINE#         29
  C:0B06H         LINE#         30
  C:0B09H         LINE#         31
  C:0B09H         LINE#         33
  C:0B0CH         LINE#         34
  C:0B0CH         LINE#         35
  C:0B0EH         LINE#         36
  C:0B11H         LINE#         37
  C:0B11H         LINE#         38
  C:0B14H         LINE#         39
  C:0B14H         LINE#         40
  C:0B16H         LINE#         41
  C:0B19H         LINE#         42
  C:0B19H         LINE#         43
  C:0B1CH         LINE#         44
  C:0B1CH         LINE#         45
  C:0B1EH         LINE#         48
  C:0B3EH         LINE#         49
  C:0B4FH         LINE#         50
  C:0B5BH         LINE#         51
  C:0B6EH         LINE#         52
  C:0B86H         LINE#         54
  C:0B86H         LINE#         56
  C:0B8CH         LINE#         57
  C:0B8CH         LINE#         58
  C:0B8EH         LINE#         59
  C:0B9EH         LINE#         60
  C:0BB0H         LINE#         62
  C:0BB0H         LINE#         63
  C:0BD8H         LINE#         64
  C:0C34H         LINE#         65
  C:0C37H         LINE#         66
  C:0C37H         LINE#         67
  C:0C37H         LINE#         69
  C:0C3AH         LINE#         70
  C:0C3AH         LINE#         71
  C:0C3CH         LINE#         72
  C:0C3FH         LINE#         73
  C:0C3FH         LINE#         75
  C:0C45H         LINE#         76
  C:0C45H         LINE#         77
  C:0C47H         LINE#         78
  C:0C4AH         LINE#         79
BL51 BANKED LINKER/LOCATER V6.22.2.0                                                  04/10/2025  14:40:41  PAGE 7


  C:0C4AH         LINE#         80
  -------         ENDPROC       MAIN
  -------         PROC          TAST_LED
  C:097DH         LINE#         83
  C:097DH         LINE#         84
  C:097DH         LINE#         85
  C:0A13H         LINE#         86
  C:0A19H         LINE#         87
  C:0A19H         LINE#         88
  C:0A38H         LINE#         89
  C:0A53H         LINE#         90
  C:0A55H         LINE#         92
  C:0A55H         LINE#         93
  C:0A6EH         LINE#         94
  C:0A6EH         LINE#         95
  C:0A79H         LINE#         96
  C:0A79H         LINE#         97
  C:0A98H         LINE#         98
  C:0AB3H         LINE#         99
  C:0AB4H         LINE#         100
  C:0ABDH         LINE#         101
  C:0ABDH         LINE#         102
  C:0ACAH         LINE#         103
  C:0ACCH         LINE#         105
  C:0ACCH         LINE#         106
  C:0AE5H         LINE#         107
  C:0AE5H         LINE#         111
  -------         ENDPROC       TAST_LED
  -------         PROC          TAST_KEY
  C:0C4DH         LINE#         113
  C:0C4DH         LINE#         114
  C:0C4DH         LINE#         115
  C:0C56H         LINE#         116
  C:0C56H         LINE#         117
  C:0C58H         LINE#         118
  C:0C62H         LINE#         119
  C:0C72H         LINE#         120
  C:0C7AH         LINE#         121
  C:0C8CH         LINE#         122
  C:0C8DH         LINE#         123
  C:0C93H         LINE#         124
  C:0C93H         LINE#         125
  C:0C95H         LINE#         126
  C:0CA1H         LINE#         127
  C:0CABH         LINE#         128
  C:0CB5H         LINE#         129
  C:0CC1H         LINE#         130
  C:0CC2H         LINE#         131
  C:0CCBH         LINE#         132
  C:0CCBH         LINE#         133
  C:0CCDH         LINE#         134
  C:0CD5H         LINE#         135
  C:0CD5H         LINE#         136
  C:0CE7H         LINE#         137
  C:0CEFH         LINE#         138
  C:0CF1H         LINE#         139
  C:0CF7H         LINE#         140
BL51 BANKED LINKER/LOCATER V6.22.2.0                                                  04/10/2025  14:40:41  PAGE 8


  C:0CF7H         LINE#         141
  C:0D0BH         LINE#         142
  C:0D12H         LINE#         143
  C:0D12H         LINE#         144
  C:0D14H         LINE#         145
  C:0D1AH         LINE#         146
  C:0D1AH         LINE#         147
  C:0D1CH         LINE#         148
  C:0D24H         LINE#         149
  C:0D24H         LINE#         150
  C:0D36H         LINE#         151
  C:0D42H         LINE#         152
  C:0D43H         LINE#         153
  C:0D49H         LINE#         154
  C:0D49H         LINE#         155
  C:0D5DH         LINE#         156
  C:0D69H         LINE#         157
  C:0D69H         LINE#         158
  C:0D69H         LINE#         159
  -------         ENDPROC       TAST_KEY
  -------         PROC          TAST_SHOW
  C:053CH         LINE#         161
  C:053CH         LINE#         162
  C:053CH         LINE#         163
  C:0564H         LINE#         164
  C:0564H         LINE#         165
  C:0564H         LINE#         166
  C:0564H         LINE#         167
  C:056DH         LINE#         168
  C:056DH         LINE#         169
  C:0570H         LINE#         170
  C:0573H         LINE#         171
  C:0576H         LINE#         172
  C:0579H         LINE#         173
  C:057CH         LINE#         174
  C:057FH         LINE#         175
  C:0582H         LINE#         176
  C:0585H         LINE#         177
  C:0586H         LINE#         179
  C:0586H         LINE#         180
  C:0589H         LINE#         181
  C:058CH         LINE#         182
  C:058FH         LINE#         183
  C:059CH         LINE#         184
  C:059CH         LINE#         185
  C:05A9H         LINE#         186
  C:05A9H         LINE#         187
  C:05A9H         LINE#         188
  C:05A9H         LINE#         189
  C:05A9H         LINE#         190
  C:05ABH         LINE#         191
  C:05C5H         LINE#         192
  C:05C5H         LINE#         193
  C:05C8H         LINE#         194
  C:05E2H         LINE#         195
  C:05E2H         LINE#         196
  C:05E2H         LINE#         197
BL51 BANKED LINKER/LOCATER V6.22.2.0                                                  04/10/2025  14:40:41  PAGE 9


  C:05E2H         LINE#         198
  C:05E4H         LINE#         199
  C:05FEH         LINE#         200
  C:05FEH         LINE#         201
  C:0601H         LINE#         202
  C:0604H         LINE#         203
  C:061EH         LINE#         204
  C:061EH         LINE#         205
  C:061EH         LINE#         206
  C:0620H         LINE#         207
  C:0640H         LINE#         208
  C:0640H         LINE#         209
  C:0643H         LINE#         210
  C:0646H         LINE#         211
  C:0649H         LINE#         212
  C:0663H         LINE#         213
  C:0667H         LINE#         214
  C:0667H         LINE#         215
  C:0667H         LINE#         216
  C:0667H         LINE#         217
  C:066AH         LINE#         218
  C:066AH         LINE#         219
  C:066AH         LINE#         220
  C:066DH         LINE#         221
  C:0670H         LINE#         222
  C:0673H         LINE#         223
  C:0676H         LINE#         224
  C:0683H         LINE#         225
  C:069DH         LINE#         226
  C:06B7H         LINE#         227
  C:06BBH         LINE#         228
  C:06BBH         LINE#         229
  C:06BEH         LINE#         230
  C:06BEH         LINE#         231
  C:06BEH         LINE#         232
  C:06C1H         LINE#         233
  C:06C4H         LINE#         234
  C:06C7H         LINE#         235
  C:06CAH         LINE#         236
  C:06D7H         LINE#         237
  C:06D7H         LINE#         238
  C:06DAH         LINE#         239
  C:06E7H         LINE#         240
  C:0701H         LINE#         241
  C:0705H         LINE#         242
  C:0707H         LINE#         243
  C:0710H         LINE#         244
  C:0710H         LINE#         245
  C:0713H         LINE#         246
  C:0725H         LINE#         247
  C:073FH         LINE#         248
  C:074CH         LINE#         249
  C:074DH         LINE#         251
  C:074DH         LINE#         252
  C:0750H         LINE#         253
  C:0753H         LINE#         254
  C:0756H         LINE#         255
BL51 BANKED LINKER/LOCATER V6.22.2.0                                                  04/10/2025  14:40:41  PAGE 10


  C:0759H         LINE#         256
  C:0759H         LINE#         257
  C:0759H         LINE#         258
  C:075AH         LINE#         259
  C:075AH         LINE#         260
  C:075AH         LINE#         261
  C:0767H         LINE#         262
  C:0774H         LINE#         263
  C:0777H         LINE#         264
  C:0784H         LINE#         265
  C:0791H         LINE#         266
  C:0794H         LINE#         267
  C:07A1H         LINE#         268
  C:07A5H         LINE#         269
  C:07A5H         LINE#         270
  C:07A8H         LINE#         271
  C:07A8H         LINE#         272
  C:07A8H         LINE#         273
  C:07ABH         LINE#         274
  C:07AEH         LINE#         275
  C:07B1H         LINE#         276
  C:07BCH         LINE#         277
  C:07BCH         LINE#         278
  C:07C9H         LINE#         279
  C:07E3H         LINE#         280
  C:07FDH         LINE#         281
  C:0817H         LINE#         282
  C:081BH         LINE#         283
  C:081EH         LINE#         284
  C:0834H         LINE#         285
  C:0834H         LINE#         286
  C:0837H         LINE#         287
  C:0851H         LINE#         288
  C:086BH         LINE#         289
  C:0885H         LINE#         290
  C:0889H         LINE#         291
  C:088CH         LINE#         292
  C:08A2H         LINE#         293
  C:08A2H         LINE#         294
  C:08A5H         LINE#         295
  C:08A8H         LINE#         296
  C:08C2H         LINE#         297
  C:08DCH         LINE#         298
  C:08E0H         LINE#         299
  C:08E3H         LINE#         300
  C:08FFH         LINE#         301
  C:08FFH         LINE#         302
  C:0902H         LINE#         303
  C:0905H         LINE#         304
  C:0908H         LINE#         305
  C:0922H         LINE#         306
  C:0926H         LINE#         307
  C:0926H         LINE#         308
  C:0926H         LINE#         309
  C:0928H         LINE#         311
  C:0928H         LINE#         312
  C:0928H         LINE#         313
BL51 BANKED LINKER/LOCATER V6.22.2.0                                                  04/10/2025  14:40:41  PAGE 11


  C:092BH         LINE#         314
  C:092EH         LINE#         315
  C:093BH         LINE#         316
  C:0948H         LINE#         317
  C:0955H         LINE#         318
  C:0962H         LINE#         319
  C:096FH         LINE#         320
  C:097CH         LINE#         321
  C:097CH         LINE#         322
  C:097CH         LINE#         323
  C:097CH         LINE#         324
  -------         ENDPROC       TAST_SHOW
  -------         PROC          TIMER2
  C:1107H         LINE#         326
  C:1109H         LINE#         332
  C:110CH         LINE#         333
  C:110CH         LINE#         334
  C:1114H         LINE#         335
  C:1117H         LINE#         336
  C:1117H         LINE#         337
  C:111DH         LINE#         338
  C:1123H         LINE#         339
  C:1125H         LINE#         340
  C:1125H         LINE#         341
  C:1127H         LINE#         342
  C:112AH         LINE#         343
  C:112AH         LINE#         344
  C:1132H         LINE#         345
  C:1135H         LINE#         346
  C:1135H         LINE#         347
  C:113BH         LINE#         348
  C:1141H         LINE#         349
  C:1143H         LINE#         350
  C:1143H         LINE#         351
  C:1143H         LINE#         352
  -------         ENDPROC       TIMER2
  -------         PROC          TIMER0_INIT
  C:13AFH         LINE#         353
  C:13AFH         LINE#         354
  C:13AFH         LINE#         355
  C:13B2H         LINE#         356
  C:13B5H         LINE#         357
  C:13B8H         LINE#         358
  C:13BBH         LINE#         359
  C:13BDH         LINE#         360
  C:13BFH         LINE#         361
  C:13C1H         LINE#         362
  C:13C3H         LINE#         363
  -------         ENDPROC       TIMER0_INIT
  -------         PROC          ULTRA
  C:1077H         LINE#         366
  C:1077H         LINE#         367
  C:1077H         LINE#         368
  C:107AH         LINE#         369
  C:107CH         LINE#         370
  C:1082H         LINE#         371
  C:1084H         LINE#         372
BL51 BANKED LINKER/LOCATER V6.22.2.0                                                  04/10/2025  14:40:41  PAGE 12


  C:1087H         LINE#         373
  C:1087H         LINE#         374
  C:1089H         LINE#         375
  C:108FH         LINE#         376
  C:1091H         LINE#         377
  C:1094H         LINE#         378
  C:1094H         LINE#         379
  C:1096H         LINE#         380
  C:109EH         LINE#         381
  C:10A4H         LINE#         382
  C:10BDH         LINE#         383
  C:10BDH         LINE#         384
  C:10C2H         LINE#         385
  -------         ENDPROC       ULTRA
  -------         PROC          SEND_WAVE
  -------         DO            
  D:0010H         SYMBOL        i
  -------         ENDDO         
  C:1303H         LINE#         387
  C:1303H         LINE#         388
  C:1303H         LINE#         390
  C:1308H         LINE#         391
  C:1308H         LINE#         392
  C:130DH         LINE#         393
  C:1312H         LINE#         394
  C:1323H         LINE#         395
  -------         ENDPROC       SEND_WAVE
  -------         PROC          TIMER1_INIT
  C:140CH         LINE#         397
  C:140CH         LINE#         398
  C:140CH         LINE#         399
  C:140FH         LINE#         400
  C:1412H         LINE#         401
  C:1415H         LINE#         402
  C:1417H         LINE#         403
  C:1419H         LINE#         405
  -------         ENDPROC       TIMER1_INIT
  -------         PROC          DELAY15US
  -------         DO            
  D:0007H         SYMBOL        i
  -------         ENDDO         
  C:0003H         LINE#         408
  C:0003H         LINE#         409
  C:0003H         LINE#         412
  C:0004H         LINE#         413
  C:0005H         LINE#         414
  C:0007H         LINE#         415
  C:0009H         LINE#         416
  -------         ENDPROC       DELAY15US
  -------         PROC          TIMER0
  C:0FF4H         LINE#         420
  C:1011H         LINE#         422
  C:1014H         LINE#         423
  C:101AH         LINE#         424
  C:101DH         LINE#         426
  C:1033H         LINE#         427
  C:1036H         LINE#         428
BL51 BANKED LINKER/LOCATER V6.22.2.0                                                  04/10/2025  14:40:41  PAGE 13


  C:1039H         LINE#         430
  C:1046H         LINE#         431
  C:104CH         LINE#         432
  C:104FH         LINE#         433
  C:1059H         LINE#         434
  C:105CH         LINE#         435
  -------         ENDPROC       TIMER0
  -------         PROC          TIMER2_INIT
  C:13EDH         LINE#         437
  C:13EDH         LINE#         438
  C:13EDH         LINE#         439
  C:13F0H         LINE#         440
  C:13F3H         LINE#         441
  C:13F6H         LINE#         442
  C:13F9H         LINE#         443
  C:13FCH         LINE#         444
  -------         ENDPROC       TIMER2_INIT
  -------         PROC          KEY_SCAN
  -------         DO            
  D:0007H         SYMBOL        key
  D:000EH         SYMBOL        key1
  D:000FH         SYMBOL        key2
  -------         ENDDO         
  C:0D6AH         LINE#         449
  C:0D6AH         LINE#         450
  C:0D6AH         LINE#         452
  C:0D7CH         LINE#         453
  C:0D7CH         LINE#         454
  C:0D7CH         LINE#         455
  C:0D7CH         LINE#         456
  C:0D81H         LINE#         457
  C:0D91H         LINE#         458
  C:0D91H         LINE#         459
  C:0D92H         LINE#         460
  C:0D92H         LINE#         461
  C:0D92H         LINE#         462
  C:0D97H         LINE#         463
  C:0DA9H         LINE#         464
  C:0DAEH         LINE#         465
  C:0DC0H         LINE#         466
  C:0DC5H         LINE#         467
  C:0DC8H         LINE#         468
  C:0DCCH         LINE#         469
  C:0DCCH         LINE#         470
  C:0DECH         LINE#         471
  C:0DECH         LINE#         472
  C:0DF1H         LINE#         473
  C:0DF6H         LINE#         474
  C:0DFBH         LINE#         475
  C:0E00H         LINE#         476
  C:0E05H         LINE#         477
  C:0E0AH         LINE#         478
  C:0E0FH         LINE#         479
  C:0E12H         LINE#         480
  C:0E12H         LINE#         481
  C:0E15H         LINE#         482
  C:0E15H         LINE#         483
BL51 BANKED LINKER/LOCATER V6.22.2.0                                                  04/10/2025  14:40:41  PAGE 14


  C:0E15H         LINE#         484
  C:0E16H         LINE#         485
  C:0E16H         LINE#         486
  C:0E16H         LINE#         487
  C:0E1BH         LINE#         488
  C:0E25H         LINE#         489
  C:0E25H         LINE#         490
  C:0E30H         LINE#         491
  C:0E31H         LINE#         493
  C:0E31H         LINE#         494
  C:0E33H         LINE#         495
  C:0E36H         LINE#         496
  C:0E36H         LINE#         497
  C:0E36H         LINE#         498
  C:0E36H         LINE#         499
  C:0E36H         LINE#         500
  -------         ENDPROC       KEY_SCAN
  -------         PROC          _KEY_W
  D:0007H         SYMBOL        val
  -------         DO            
  D:0007H         SYMBOL        value
  -------         ENDDO         
  C:1183H         LINE#         502
  C:1183H         LINE#         503
  C:1183H         LINE#         504
  C:1183H         LINE#         505
  C:11A7H         LINE#         506
  C:11BEH         LINE#         507
  -------         ENDPROC       _KEY_W
  -------         PROC          KEY_R
  -------         DO            
  D:0007H         SYMBOL        val
  D:0007H         SYMBOL        VAL_P3
  D:0006H         SYMBOL        VAL_P44
  D:0005H         SYMBOL        VAL_P42
  -------         ENDDO         
  C:12E1H         LINE#         508
  C:12E1H         LINE#         509
  C:12E1H         LINE#         510
  C:12E2H         LINE#         511
  C:12EDH         LINE#         512
  C:1302H         LINE#         513
  C:1302H         LINE#         514
  -------         ENDPROC       KEY_R
  -------         PROC          ALL_INIT
  C:1266H         LINE#         516
  C:1266H         LINE#         517
  C:1266H         LINE#         518
  C:1269H         LINE#         519
  C:126FH         LINE#         520
  C:1272H         LINE#         522
  C:1275H         LINE#         523
  C:1278H         LINE#         524
  C:127BH         LINE#         526
  C:127EH         LINE#         527
  C:1284H         LINE#         528
  C:1287H         LINE#         530
BL51 BANKED LINKER/LOCATER V6.22.2.0                                                  04/10/2025  14:40:41  PAGE 15


  C:1289H         LINE#         531
  C:128FH         LINE#         532
  C:1292H         LINE#         533
  -------         ENDPROC       ALL_INIT
  -------         PROC          _DELAY_MS
  D:0006H         SYMBOL        ms
  -------         DO            
  D:0004H         SYMBOL        i
  D:0002H         SYMBOL        j
  -------         ENDDO         
  C:1324H         LINE#         535
  C:1324H         LINE#         536
  C:1324H         LINE#         538
  C:132EH         LINE#         539
  C:1343H         LINE#         540
  -------         ENDPROC       _DELAY_MS
  -------         ENDMOD        MAIN

  -------         MODULE        IIC
  C:0000H         SYMBOL        _ICE_DUMMY_
  D:0090H         PUBLIC        P1
  D:00A0H         PUBLIC        P2
  D:00B0H         PUBLIC        P3
  D:00A8H         PUBLIC        IE
  C:1381H         SYMBOL        _I2C_Delay
  D:00B8H         PUBLIC        IP
  C:12BBH         PUBLIC        I2CReceiveByte
  D:0098H         PUBLIC        SCON
  D:0088H         PUBLIC        TCON
  C:1293H         PUBLIC        _AD_R
  B:00A0H.1       PUBLIC        sda
  C:13C4H         PUBLIC        _AD_W
  B:00A0H.0       PUBLIC        scl
  C:13FDH         PUBLIC        I2CStart
  C:1397H         PUBLIC        _I2CSendAck
  C:1231H         PUBLIC        _I2CSendByte
  C:134FH         PUBLIC        I2CWaitAck
  C:141AH         PUBLIC        I2CStop
  D:00C8H         PUBLIC        T2CON
  D:00D0H         PUBLIC        PSW
  C:137DH         SYMBOL        L?0024
  -------         PROC          L?0023
  -------         ENDPROC       L?0023
  C:137DH         SYMBOL        L?0024
  -------         PROC          _I2C_DELAY
  D:0007H         SYMBOL        n
  C:1381H         LINE#         12
  C:1381H         LINE#         13
  C:1381H         LINE#         15
  C:1381H         LINE#         16
  C:1386H         LINE#         17
  C:138BH         LINE#         18
  C:1390H         LINE#         19
  C:1390H         LINE#         20
  C:1396H         LINE#         21
  -------         ENDPROC       _I2C_DELAY
  -------         PROC          I2CSTART
BL51 BANKED LINKER/LOCATER V6.22.2.0                                                  04/10/2025  14:40:41  PAGE 16


  C:13FDH         LINE#         24
  C:13FDH         LINE#         25
  C:13FDH         LINE#         26
  C:13FFH         LINE#         27
  C:13FFH         LINE#         28
  C:1402H         LINE#         29
  C:1404H         LINE#         30
  C:1409H         LINE#         31
  C:140BH         LINE#         32
  -------         ENDPROC       I2CSTART
  -------         PROC          I2CSTOP
  C:141AH         LINE#         35
  C:141AH         LINE#         36
  C:141AH         LINE#         37
  C:141CH         LINE#         38
  C:141CH         LINE#         39
  C:141FH         LINE#         40
  C:1421H         LINE#         41
  -------         ENDPROC       I2CSTOP
  -------         PROC          _I2CSENDBYTE
  D:0005H         SYMBOL        byt
  -------         DO            
  D:0004H         SYMBOL        i
  -------         ENDDO         
  C:1231H         LINE#         45
  C:1233H         LINE#         46
  C:1233H         LINE#         49
  C:123FH         LINE#         50
  C:1241H         LINE#         51
  C:1246H         LINE#         52
  C:124AH         LINE#         53
  C:124CH         LINE#         54
  C:124EH         LINE#         55
  C:124EH         LINE#         56
  C:1250H         LINE#         57
  C:1250H         LINE#         58
  C:1255H         LINE#         59
  C:1257H         LINE#         60
  C:125BH         LINE#         61
  C:1260H         LINE#         62
  C:1263H         LINE#         64
  C:1265H         LINE#         65
  -------         ENDPROC       _I2CSENDBYTE
  -------         PROC          I2CRECEIVEBYTE
  -------         DO            
  D:0005H         SYMBOL        da
  D:0004H         SYMBOL        i
  -------         ENDDO         
  C:12BBH         LINE#         68
  C:12BBH         LINE#         69
  C:12BBH         LINE#         72
  C:12C7H         LINE#         73
  C:12C7H         LINE#         74
  C:12CAH         LINE#         75
  C:12CEH         LINE#         76
  C:12D1H         LINE#         77
  C:12D4H         LINE#         78
BL51 BANKED LINKER/LOCATER V6.22.2.0                                                  04/10/2025  14:40:41  PAGE 17


  C:12D6H         LINE#         79
  C:12DBH         LINE#         80
  C:12DEH         LINE#         81
  C:12E0H         LINE#         82
  -------         ENDPROC       I2CRECEIVEBYTE
  -------         PROC          L?0022
  -------         ENDPROC       L?0022
  -------         PROC          I2CWAITACK
  -------         DO            
  D:0005H         SYMBOL        ackbit
  -------         ENDDO         
  C:134FH         LINE#         85
  C:134FH         LINE#         86
  C:134FH         LINE#         89
  C:134FH         LINE#         90
  C:1352H         LINE#         91
  C:1357H         LINE#         92
  C:1359H         LINE#         93
  C:135EH         LINE#         95
  C:1360H         LINE#         96
  -------         ENDPROC       I2CWAITACK
  -------         PROC          _I2CSENDACK
  D:0007H         SYMBOL        ackbit
  C:1397H         LINE#         99
  C:1397H         LINE#         100
  C:1397H         LINE#         101
  C:1399H         LINE#         102
  C:139EH         LINE#         103
  C:13A3H         LINE#         104
  C:13A3H         LINE#         105
  C:13A6H         LINE#         106
  C:13A8H         LINE#         107
  C:13AAH         LINE#         108
  -------         ENDPROC       _I2CSENDACK
  -------         PROC          _AD_W
  D:0003H         SYMBOL        dat
  C:13C4H         LINE#         111
  C:13C6H         LINE#         112
  C:13C6H         LINE#         113
  C:13C9H         LINE#         114
  C:13CEH         LINE#         115
  C:13D1H         LINE#         116
  C:13D3H         LINE#         117
  C:13D3H         LINE#         118
  C:13D3H         LINE#         119
  C:13D6H         LINE#         120
  -------         ENDPROC       _AD_W
  -------         PROC          _AD_R
  D:0003H         SYMBOL        add
  -------         DO            
  D:0005H         SYMBOL        dat
  -------         ENDDO         
  C:1293H         LINE#         123
  C:1295H         LINE#         124
  C:1295H         LINE#         126
  C:1298H         LINE#         127
  C:129AH         LINE#         128
BL51 BANKED LINKER/LOCATER V6.22.2.0                                                  04/10/2025  14:40:41  PAGE 18


  C:129AH         LINE#         129
  C:129AH         LINE#         130
  C:129DH         LINE#         131
  C:12A0H         LINE#         133
  C:12A3H         LINE#         134
  C:12A8H         LINE#         135
  C:12ABH         LINE#         136
  C:12B0H         LINE#         137
  C:12B5H         LINE#         138
  C:12B8H         LINE#         140
  C:12BAH         LINE#         141
  -------         ENDPROC       _AD_R
  -------         ENDMOD        IIC

  -------         MODULE        DS1302
  C:0000H         SYMBOL        _ICE_DUMMY_
  D:0090H         PUBLIC        P1
  D:00A0H         PUBLIC        P2
  D:00B0H         PUBLIC        P3
  D:00A8H         PUBLIC        IE
  D:00B8H         PUBLIC        IP
  D:0098H         PUBLIC        SCON
  D:0088H         PUBLIC        TCON
  C:000EH         PUBLIC        time_init
  C:11BFH         PUBLIC        time_get
  C:1146H         PUBLIC        _Read_Ds1302_Byte
  B:00A0H.3       PUBLIC        SDA
  B:0090H.7       PUBLIC        SCK
  C:13D9H         PUBLIC        _Write_Ds1302_Byte
  D:00C8H         PUBLIC        T2CON
  D:0008H         PUBLIC        time_ds
  C:1361H         PUBLIC        _Write_Ds1302
  B:0090H.3       PUBLIC        RST
  D:00D0H         PUBLIC        PSW
  -------         PROC          _WRITE_DS1302
  D:0007H         SYMBOL        temp
  -------         DO            
  D:0006H         SYMBOL        i
  -------         ENDDO         
  C:1361H         LINE#         16
  C:1361H         LINE#         17
  C:1361H         LINE#         19
  C:136DH         LINE#         20
  C:136DH         LINE#         21
  C:136FH         LINE#         22
  C:1373H         LINE#         23
  C:1377H         LINE#         24
  C:1379H         LINE#         25
  C:137CH         LINE#         26
  -------         ENDPROC       _WRITE_DS1302
  -------         PROC          _WRITE_DS1302_BYTE
  D:0007H         SYMBOL        address
  D:0005H         SYMBOL        dat
  C:13D9H         LINE#         29
  C:13D9H         LINE#         30
  C:13D9H         LINE#         31
  C:13DCH         LINE#         32
BL51 BANKED LINKER/LOCATER V6.22.2.0                                                  04/10/2025  14:40:41  PAGE 19


  C:13DFH         LINE#         33
  C:13E2H         LINE#         34
  C:13E5H         LINE#         35
  C:13EAH         LINE#         36
  C:13ECH         LINE#         37
  -------         ENDPROC       _WRITE_DS1302_BYTE
  -------         PROC          _READ_DS1302_BYTE
  D:0007H         SYMBOL        address
  -------         DO            
  D:0007H         SYMBOL        i
  D:0005H         SYMBOL        temp
  -------         ENDDO         
  C:1146H         LINE#         40
  C:1146H         LINE#         41
  C:1146H         LINE#         42
  C:1148H         LINE#         43
  C:114BH         LINE#         44
  C:114EH         LINE#         45
  C:1151H         LINE#         46
  C:1154H         LINE#         47
  C:1160H         LINE#         48
  C:1160H         LINE#         49
  C:1162H         LINE#         50
  C:1166H         LINE#         51
  C:1169H         LINE#         52
  C:116CH         LINE#         53
  C:116EH         LINE#         54
  C:1171H         LINE#         55
  C:1174H         LINE#         56
  C:1177H         LINE#         57
  C:117AH         LINE#         58
  C:117DH         LINE#         59
  C:1180H         LINE#         60
  C:1182H         LINE#         61
  -------         ENDPROC       _READ_DS1302_BYTE
  -------         PROC          TIME_INIT
  -------         DO            
  D:0003H         SYMBOL        i
  D:0010H         SYMBOL        add
  -------         ENDDO         
  C:000EH         LINE#         63
  C:000EH         LINE#         64
  C:000EH         LINE#         66
  C:0011H         LINE#         67
  C:0018H         LINE#         68
  C:0024H         LINE#         69
  C:0024H         LINE#         70
  C:0055H         LINE#         71
  C:0059H         LINE#         72
  C:005CH         LINE#         73
  -------         ENDPROC       TIME_INIT
  -------         PROC          TIME_GET
  -------         DO            
  D:0003H         SYMBOL        i
  D:0005H         SYMBOL        dat
  D:0004H         SYMBOL        add
  -------         ENDDO         
BL51 BANKED LINKER/LOCATER V6.22.2.0                                                  04/10/2025  14:40:41  PAGE 20


  C:11BFH         LINE#         76
  C:11BFH         LINE#         77
  C:11BFH         LINE#         79
  C:11C1H         LINE#         80
  C:11CDH         LINE#         81
  C:11CDH         LINE#         82
  C:11D4H         LINE#         83
  C:11F5H         LINE#         84
  C:11F7H         LINE#         85
  C:11FAH         LINE#         86
  -------         ENDPROC       TIME_GET
  -------         ENDMOD        DS1302

  -------         MODULE        ?C?FPADD
  C:006DH         PUBLIC        ?C?FPADD
  C:0069H         PUBLIC        ?C?FPSUB
  -------         ENDMOD        ?C?FPADD

  -------         MODULE        ?C?FPMUL
  C:015EH         PUBLIC        ?C?FPMUL
  -------         ENDMOD        ?C?FPMUL

  -------         MODULE        ?C?FPDIV
  C:0267H         PUBLIC        ?C?FPDIV
  -------         ENDMOD        ?C?FPDIV

  -------         MODULE        ?C?FCAST
  C:030EH         PUBLIC        ?C?FCASTC
  C:0309H         PUBLIC        ?C?FCASTI
  C:0304H         PUBLIC        ?C?FCASTL
  -------         ENDMOD        ?C?FCAST

  -------         MODULE        ?C?CASTF
  C:0342H         PUBLIC        ?C?CASTF
  -------         ENDMOD        ?C?CASTF

  -------         MODULE        ?C?IMUL
  C:03C3H         PUBLIC        ?C?IMUL
  -------         ENDMOD        ?C?IMUL

  -------         MODULE        ?C?UIDIV
  C:03D5H         PUBLIC        ?C?UIDIV
  -------         ENDMOD        ?C?UIDIV

  -------         MODULE        ?C?SIDIV
  C:042AH         PUBLIC        ?C?SIDIV
  -------         ENDMOD        ?C?SIDIV

  -------         MODULE        ?C?SLDIV
  C:10C3H         PUBLIC        ?C?SLDIV
  -------         ENDMOD        ?C?SLDIV

  -------         MODULE        ?C?LNEG
  C:0460H         PUBLIC        ?C?LNEG
  -------         ENDMOD        ?C?LNEG

  -------         MODULE        ?C?ULDIV
BL51 BANKED LINKER/LOCATER V6.22.2.0                                                  04/10/2025  14:40:41  PAGE 21


  C:04AAH         PUBLIC        ?C?ULDIV
  -------         ENDMOD        ?C?ULDIV

*** WARNING L16: UNCALLED SEGMENT, IGNORED FOR OVERLAY PROCESS
    SEGMENT: ?PR?_AD_R?IIC

Program Size: data=92.2 xdata=0 code=5157
LINK/LOCATE RUN COMPLETE.  1 WARNING(S),  0 ERROR(S)
